
> nextn@0.1.0 build
> next build --turbo

◇ injected env (0) from .env // tip: ⌘ enable debugging { debug: true }
▲ Next.js 16.2.6 (Turbopack)
- Environments: .env
- Experiments (use with caution):
  · cpus: 28
  · serverActions

  Creating an optimized production build ...
◇ injected env (0) from .env // tip: ⌘ suppress logs { quiet: true }
